2026-08-28 18:01:15,777 - 
======================================================================
2026-08-28 18:01:15,777 - STARTING EXPERIMENT: UNCONSTRAINED (10 Runs)
2026-08-28 18:01:15,777 - ======================================================================
2026-08-28 18:01:15,777 - 
[UNCONSTRAINED] Starting Run 1/10 (Seed: 42)...
2026-08-28 18:01:18,526 - [UNCONSTRAINED] Run 1 Finished. Final Acc: 67.0% | ❌ FAILED
2026-08-28 18:01:18,526 - 
[UNCONSTRAINED] Starting Run 2/10 (Seed: 43)...
2026-08-28 18:01:18,575 - [UNCONSTRAINED] Run 2 Finished. Final Acc: 0.0% | ❌ FAILED
2026-08-28 18:01:18,575 - 
[UNCONSTRAINED] Starting Run 3/10 (Seed: 44)...
2026-08-28 18:01:21,298 - [UNCONSTRAINED] Run 3 Finished. Final Acc: 78.0% | ❌ FAILED
2026-08-28 18:01:21,299 - 
[UNCONSTRAINED] Starting Run 4/10 (Seed: 45)...
2026-08-28 18:01:23,579 - [UNCONSTRAINED] Run 4 Finished. Final Acc: 66.0% | ❌ FAILED
2026-08-28 18:01:23,579 - 
[UNCONSTRAINED] Starting Run 5/10 (Seed: 46)...
2026-08-28 18:01:26,149 - [UNCONSTRAINED] Run 5 Finished. Final Acc: 76.0% | ❌ FAILED
2026-08-28 18:01:26,149 - 
[UNCONSTRAINED] Starting Run 6/10 (Seed: 47)...
2026-08-28 18:01:28,687 - [UNCONSTRAINED] Run 6 Finished. Final Acc: 67.0% | ❌ FAILED
2026-08-28 18:01:28,687 - 
[UNCONSTRAINED] Starting Run 7/10 (Seed: 48)...
2026-08-28 18:01:30,880 - [UNCONSTRAINED] Run 7 Finished. Final Acc: 63.0% | ❌ FAILED
2026-08-28 18:01:30,880 - 
[UNCONSTRAINED] Starting Run 8/10 (Seed: 49)...
2026-08-28 18:01:33,070 - [UNCONSTRAINED] Run 8 Finished. Final Acc: 69.0% | ❌ FAILED
2026-08-28 18:01:33,070 - 
[UNCONSTRAINED] Starting Run 9/10 (Seed: 50)...
2026-08-28 18:01:35,230 - [UNCONSTRAINED] Run 9 Finished. Final Acc: 76.0% | ❌ FAILED
2026-08-28 18:01:35,231 - 
[UNCONSTRAINED] Starting Run 10/10 (Seed: 51)...
2026-08-28 18:01:36,495 - [UNCONSTRAINED] Run 10 Finished. Final Acc: 43.0% | ❌ FAILED
2026-08-28 18:01:36,495 - 
======================================================================
2026-08-28 18:01:36,496 - STARTING EXPERIMENT: CONSTRAINED (10 Runs)
2026-08-28 18:01:36,496 - ======================================================================
2026-08-28 18:01:36,496 - 
[CONSTRAINED] Starting Run 1/10 (Seed: 42)...
2026-08-28 18:01:36,626 - [CONSTRAINED] Run 1 Finished. Final Acc: 100.0% | ✅ SUCCESS
2026-08-28 18:01:36,626 - 
[CONSTRAINED] Starting Run 2/10 (Seed: 43)...
2026-08-28 18:01:36,771 - [CONSTRAINED] Run 2 Finished. Final Acc: 100.0% | ✅ SUCCESS
2026-08-28 18:01:36,771 - 
[CONSTRAINED] Starting Run 3/10 (Seed: 44)...
2026-08-28 18:01:36,836 - [CONSTRAINED] Run 3 Finished. Final Acc: 0.0% | ❌ FAILED
2026-08-28 18:01:36,836 - 
[CONSTRAINED] Starting Run 4/10 (Seed: 45)...
2026-08-28 18:01:36,986 - [CONSTRAINED] Run 4 Finished. Final Acc: 100.0% | ✅ SUCCESS
2026-08-28 18:01:36,987 - 
[CONSTRAINED] Starting Run 5/10 (Seed: 46)...
2026-08-28 18:01:37,051 - [CONSTRAINED] Run 5 Finished. Final Acc: 0.0% | ❌ FAILED
2026-08-28 18:01:37,052 - 
[CONSTRAINED] Starting Run 6/10 (Seed: 47)...
2026-08-28 18:01:37,248 - [CONSTRAINED] Run 6 Finished. Final Acc: 100.0% | ✅ SUCCESS
2026-08-28 18:01:37,248 - 
[CONSTRAINED] Starting Run 7/10 (Seed: 48)...
2026-08-28 18:01:37,365 - [CONSTRAINED] Run 7 Finished. Final Acc: 100.0% | ✅ SUCCESS
2026-08-28 18:01:37,366 - 
[CONSTRAINED] Starting Run 8/10 (Seed: 49)...
2026-08-28 18:01:37,533 - [CONSTRAINED] Run 8 Finished. Final Acc: 100.0% | ✅ SUCCESS
2026-08-28 18:01:37,533 - 
[CONSTRAINED] Starting Run 9/10 (Seed: 50)...
2026-08-28 18:01:37,697 - [CONSTRAINED] Run 9 Finished. Final Acc: 100.0% | ✅ SUCCESS
2026-08-28 18:01:37,697 - 
[CONSTRAINED] Starting Run 10/10 (Seed: 51)...
2026-08-28 18:01:37,849 - [CONSTRAINED] Run 10 Finished. Final Acc: 100.0% | ✅ SUCCESS
2026-08-28 18:01:37,850 - 
======================================================================
2026-08-28 18:01:37,850 - FINAL COMPARISON REPORT (10 Independent Runs)
2026-08-28 18:01:37,850 - ======================================================================
2026-08-28 18:01:37,850 - [UNCONSTRAINED] Success Rate: 0/10 (0.0%) | Avg Final Acc: 60.50%
2026-08-28 18:01:37,850 - [CONSTRAINED] Success Rate: 8/10 (80.0%) | Avg Final Acc: 80.00%
2026-08-28 18:01:37,850 - ======================================================================
2026-08-28 18:01:37,851 - ✅ All experiments finished. Log saved to: experiments/minimal_stateful_comparison/logs\experiment_log_20260828_180115.log
2026-08-28 18:01:37,851 - ======================================================================
2026-08-28 18:01:38,438 - 📊 Experiment plot successfully saved to: experiments/minimal_stateful_comparison/results\stateful_synthesis_comparison.png
