2026-08-27 23:08:11,222 - 
======================================================================
2026-08-27 23:08:11,223 - STARTING EXPERIMENT: UNCONSTRAINED (10 Runs)
2026-08-27 23:08:11,223 - ======================================================================
2026-08-27 23:08:11,223 - 
[UNCONSTRAINED] Starting Run 1/10 (Seed: 42)...
2026-08-27 23:08:14,011 - [UNCONSTRAINED] Run 1 Finished. Final Acc: 67.0% | ❌ FAILED
2026-08-27 23:08:14,011 - 
[UNCONSTRAINED] Starting Run 2/10 (Seed: 43)...
2026-08-27 23:08:14,058 - [UNCONSTRAINED] Run 2 Finished. Final Acc: 0.0% | ❌ FAILED
2026-08-27 23:08:14,058 - 
[UNCONSTRAINED] Starting Run 3/10 (Seed: 44)...
2026-08-27 23:08:16,634 - [UNCONSTRAINED] Run 3 Finished. Final Acc: 78.0% | ❌ FAILED
2026-08-27 23:08:16,634 - 
[UNCONSTRAINED] Starting Run 4/10 (Seed: 45)...
2026-08-27 23:08:18,830 - [UNCONSTRAINED] Run 4 Finished. Final Acc: 66.0% | ❌ FAILED
2026-08-27 23:08:18,831 - 
[UNCONSTRAINED] Starting Run 5/10 (Seed: 46)...
2026-08-27 23:08:21,430 - [UNCONSTRAINED] Run 5 Finished. Final Acc: 76.0% | ❌ FAILED
2026-08-27 23:08:21,431 - 
[UNCONSTRAINED] Starting Run 6/10 (Seed: 47)...
2026-08-27 23:08:24,025 - [UNCONSTRAINED] Run 6 Finished. Final Acc: 67.0% | ❌ FAILED
2026-08-27 23:08:24,025 - 
[UNCONSTRAINED] Starting Run 7/10 (Seed: 48)...
2026-08-27 23:08:26,466 - [UNCONSTRAINED] Run 7 Finished. Final Acc: 63.0% | ❌ FAILED
2026-08-27 23:08:26,466 - 
[UNCONSTRAINED] Starting Run 8/10 (Seed: 49)...
2026-08-27 23:08:29,279 - [UNCONSTRAINED] Run 8 Finished. Final Acc: 69.0% | ❌ FAILED
2026-08-27 23:08:29,279 - 
[UNCONSTRAINED] Starting Run 9/10 (Seed: 50)...
2026-08-27 23:08:39,116 - [UNCONSTRAINED] Run 9 Finished. Final Acc: 76.0% | ❌ FAILED
2026-08-27 23:08:39,116 - 
[UNCONSTRAINED] Starting Run 10/10 (Seed: 51)...
2026-08-27 23:08:50,568 - [UNCONSTRAINED] Run 10 Finished. Final Acc: 43.0% | ❌ FAILED
2026-08-27 23:08:50,570 - 
======================================================================
2026-08-27 23:08:50,571 - STARTING EXPERIMENT: CONSTRAINED (10 Runs)
2026-08-27 23:08:50,572 - ======================================================================
2026-08-27 23:08:50,572 - 
[CONSTRAINED] Starting Run 1/10 (Seed: 42)...
2026-08-27 23:08:51,630 - [CONSTRAINED] Run 1 Finished. Final Acc: 100.0% | ✅ SUCCESS
2026-08-27 23:08:51,631 - 
[CONSTRAINED] Starting Run 2/10 (Seed: 43)...
2026-08-27 23:08:52,913 - [CONSTRAINED] Run 2 Finished. Final Acc: 100.0% | ✅ SUCCESS
2026-08-27 23:08:52,914 - 
[CONSTRAINED] Starting Run 3/10 (Seed: 44)...
2026-08-27 23:08:53,415 - [CONSTRAINED] Run 3 Finished. Final Acc: 0.0% | ❌ FAILED
2026-08-27 23:08:53,418 - 
[CONSTRAINED] Starting Run 4/10 (Seed: 45)...
2026-08-27 23:08:54,741 - [CONSTRAINED] Run 4 Finished. Final Acc: 100.0% | ✅ SUCCESS
2026-08-27 23:08:54,741 - 
[CONSTRAINED] Starting Run 5/10 (Seed: 46)...
2026-08-27 23:08:55,296 - [CONSTRAINED] Run 5 Finished. Final Acc: 0.0% | ❌ FAILED
2026-08-27 23:08:55,297 - 
[CONSTRAINED] Starting Run 6/10 (Seed: 47)...
2026-08-27 23:08:57,065 - [CONSTRAINED] Run 6 Finished. Final Acc: 100.0% | ✅ SUCCESS
2026-08-27 23:08:57,066 - 
[CONSTRAINED] Starting Run 7/10 (Seed: 48)...
2026-08-27 23:08:58,274 - [CONSTRAINED] Run 7 Finished. Final Acc: 100.0% | ✅ SUCCESS
2026-08-27 23:08:58,274 - 
[CONSTRAINED] Starting Run 8/10 (Seed: 49)...
2026-08-27 23:08:59,736 - [CONSTRAINED] Run 8 Finished. Final Acc: 100.0% | ✅ SUCCESS
2026-08-27 23:08:59,736 - 
[CONSTRAINED] Starting Run 9/10 (Seed: 50)...
2026-08-27 23:09:01,275 - [CONSTRAINED] Run 9 Finished. Final Acc: 100.0% | ✅ SUCCESS
2026-08-27 23:09:01,277 - 
[CONSTRAINED] Starting Run 10/10 (Seed: 51)...
2026-08-27 23:09:02,654 - [CONSTRAINED] Run 10 Finished. Final Acc: 100.0% | ✅ SUCCESS
2026-08-27 23:09:02,655 - 
======================================================================
2026-08-27 23:09:02,655 - FINAL COMPARISON REPORT (10 Independent Runs)
2026-08-27 23:09:02,655 - ======================================================================
2026-08-27 23:09:02,655 - [UNCONSTRAINED] Success Rate: 0/10 (0.0%) | Avg Final Acc: 60.50%
2026-08-27 23:09:02,655 - [CONSTRAINED] Success Rate: 8/10 (80.0%) | Avg Final Acc: 80.00%
2026-08-27 23:09:02,655 - ======================================================================
2026-08-27 23:09:02,655 - ✅ All experiments finished. Log saved to: experiments/minimal_stateful_comparison/logs\experiment_log_20260827_230811.log
2026-08-27 23:09:02,655 - ======================================================================
